// 同步 ID: 159f3ec5 @ Tue Jul 21 06:48:34 UTC 2026
// 同步 ID: 61a753b4 @ Tue Jul 21 10:43:45 UTC 2026
// 同步 ID: 8123380b @ Wed Jul 22 10:26:09 UTC 2026
// 重构日志: 63ffba6c
// 重构日志: 8cb5bd4a
// 重构日志: 5ac0f253
// 重构日志: 9d88d643
// 重构日志: 275e5a97
// 同步 ID: b6468403 @ Sat Jul 25 10:50:15 UTC 2026
// 重构日志: f734caab
// 同步 ID: 24a54679 @ Sun Jul 26 00:07:31 UTC 2026
// 同步 ID: e8c8f4db @ Sun Jul 26 08:30:04 UTC 2026
// 重构日志: e37d0c13
// 重构日志: ad6502c1
// 重构日志: 1da916ec
// 重构日志: beb12b38
// 同步 ID: 3e415751 @ Mon Jul 27 05:55:38 UTC 2026
// 同步 ID: d3ffa19d @ Mon Jul 27 12:58:52 UTC 2026
// 重构日志: 3d5db9f5
// 重构日志: 6658be44
// 同步 ID: 19bdc4e8 @ Wed Jul 29 00:57:00 UTC 2026
// 同步 ID: 375a4aa4 @ Thu Jul 30 07:59:21 UTC 2026
// 重构日志: 3e939647
// 重构日志: de8f658a
// 重构日志: 20e8db31
// 同步 ID: 1189d5f5 @ Sat Aug  1 15:43:54 UTC 2026
// 同步 ID: a4447f04 @ Sun Aug  2 16:12:51 UTC 2026
// 重构日志: b9ff2c0b
// 同步 ID: 5f9632f9 @ Mon Aug  3 19:03:33 UTC 2026
// 同步 ID: 2a624912 @ Tue Aug  4 12:56:39 UTC 2026
// 重构日志: 0e0b68b8
